services/geminiService.ts(73,17): error TS2322: Type '"ANY"' is not assignable to type 'FunctionCallingConfigMode | undefined'.
